../../../../../../../../Drivers/STM32N6xx_HAL_Driver/Inc/stm32n6xx_ll_bus.h:1407:22:LL_AHB4_GRP1_EnableClock	24	static
../../../../../../../../Drivers/STM32N6xx_HAL_Driver/Inc/stm32n6xx_ll_bus.h:2273:22:LL_APB1_GRP1_EnableClock	24	static
../../../../../../../../Drivers/STM32N6xx_HAL_Driver/Inc/stm32n6xx_ll_bus.h:2403:22:LL_APB1_GRP1_DisableClock	16	static
../../../../../../../../Drivers/STM32N6xx_HAL_Driver/Inc/stm32n6xx_ll_bus.h:2465:22:LL_APB1_GRP1_ForceReset	16	static
../../../../../../../../Drivers/STM32N6xx_HAL_Driver/Inc/stm32n6xx_ll_bus.h:2527:22:LL_APB1_GRP1_ReleaseReset	16	static
C:/Users/toantran/Documents/Project_STM32_N6570/STM32CubeN6-main/Drivers/BSP/STM32N6570-DK/stm32n6570_discovery_bus.c:194:9:BSP_I2C1_Init	16	static
C:/Users/toantran/Documents/Project_STM32_N6570/STM32CubeN6-main/Drivers/BSP/STM32N6570-DK/stm32n6570_discovery_bus.c:245:9:BSP_I2C1_DeInit	16	static
C:/Users/toantran/Documents/Project_STM32_N6570/STM32CubeN6-main/Drivers/BSP/STM32N6570-DK/stm32n6570_discovery_bus.c:273:26:MX_I2C1_Init	24	static
C:/Users/toantran/Documents/Project_STM32_N6570/STM32CubeN6-main/Drivers/BSP/STM32N6570-DK/stm32n6570_discovery_bus.c:319:9:BSP_I2C1_WriteReg	40	static
C:/Users/toantran/Documents/Project_STM32_N6570/STM32CubeN6-main/Drivers/BSP/STM32N6570-DK/stm32n6570_discovery_bus.c:356:9:BSP_I2C1_ReadReg	40	static
C:/Users/toantran/Documents/Project_STM32_N6570/STM32CubeN6-main/Drivers/BSP/STM32N6570-DK/stm32n6570_discovery_bus.c:393:9:BSP_I2C1_WriteReg16	40	static
C:/Users/toantran/Documents/Project_STM32_N6570/STM32CubeN6-main/Drivers/BSP/STM32N6570-DK/stm32n6570_discovery_bus.c:430:9:BSP_I2C1_ReadReg16	40	static
C:/Users/toantran/Documents/Project_STM32_N6570/STM32CubeN6-main/Drivers/BSP/STM32N6570-DK/stm32n6570_discovery_bus.c:466:9:BSP_I2C1_IsReady	24	static
C:/Users/toantran/Documents/Project_STM32_N6570/STM32CubeN6-main/Drivers/BSP/STM32N6570-DK/stm32n6570_discovery_bus.c:560:13:I2C1_MspInit	40	static
C:/Users/toantran/Documents/Project_STM32_N6570/STM32CubeN6-main/Drivers/BSP/STM32N6570-DK/stm32n6570_discovery_bus.c:608:13:I2C1_MspDeInit	40	static
C:/Users/toantran/Documents/Project_STM32_N6570/STM32CubeN6-main/Drivers/BSP/STM32N6570-DK/stm32n6570_discovery_bus.c:634:16:I2C1_WriteReg	40	static
C:/Users/toantran/Documents/Project_STM32_N6570/STM32CubeN6-main/Drivers/BSP/STM32N6570-DK/stm32n6570_discovery_bus.c:653:16:I2C1_ReadReg	40	static
C:/Users/toantran/Documents/Project_STM32_N6570/STM32CubeN6-main/Drivers/BSP/STM32N6570-DK/stm32n6570_discovery_bus.c:668:9:BSP_I2C2_Init	16	static
C:/Users/toantran/Documents/Project_STM32_N6570/STM32CubeN6-main/Drivers/BSP/STM32N6570-DK/stm32n6570_discovery_bus.c:719:9:BSP_I2C2_DeInit	16	static
C:/Users/toantran/Documents/Project_STM32_N6570/STM32CubeN6-main/Drivers/BSP/STM32N6570-DK/stm32n6570_discovery_bus.c:747:26:MX_I2C2_Init	24	static
C:/Users/toantran/Documents/Project_STM32_N6570/STM32CubeN6-main/Drivers/BSP/STM32N6570-DK/stm32n6570_discovery_bus.c:793:9:BSP_I2C2_WriteReg	40	static
C:/Users/toantran/Documents/Project_STM32_N6570/STM32CubeN6-main/Drivers/BSP/STM32N6570-DK/stm32n6570_discovery_bus.c:830:9:BSP_I2C2_ReadReg	40	static
C:/Users/toantran/Documents/Project_STM32_N6570/STM32CubeN6-main/Drivers/BSP/STM32N6570-DK/stm32n6570_discovery_bus.c:867:9:BSP_I2C2_WriteReg16	40	static
C:/Users/toantran/Documents/Project_STM32_N6570/STM32CubeN6-main/Drivers/BSP/STM32N6570-DK/stm32n6570_discovery_bus.c:904:9:BSP_I2C2_ReadReg16	40	static
C:/Users/toantran/Documents/Project_STM32_N6570/STM32CubeN6-main/Drivers/BSP/STM32N6570-DK/stm32n6570_discovery_bus.c:940:9:BSP_I2C2_IsReady	24	static
C:/Users/toantran/Documents/Project_STM32_N6570/STM32CubeN6-main/Drivers/BSP/STM32N6570-DK/stm32n6570_discovery_bus.c:962:9:BSP_GetTick	8	static
C:/Users/toantran/Documents/Project_STM32_N6570/STM32CubeN6-main/Drivers/BSP/STM32N6570-DK/stm32n6570_discovery_bus.c:1050:17:I2C_GetTiming	32	static
C:/Users/toantran/Documents/Project_STM32_N6570/STM32CubeN6-main/Drivers/BSP/STM32N6570-DK/stm32n6570_discovery_bus.c:1088:13:I2C_Compute_PRESC_SCLDEL_SDADEL	64	static
C:/Users/toantran/Documents/Project_STM32_N6570/STM32CubeN6-main/Drivers/BSP/STM32N6570-DK/stm32n6570_discovery_bus.c:1173:17:I2C_Compute_SCLL_SCLH	80	static
C:/Users/toantran/Documents/Project_STM32_N6570/STM32CubeN6-main/Drivers/BSP/STM32N6570-DK/stm32n6570_discovery_bus.c:1253:13:I2C2_MspInit	40	static
C:/Users/toantran/Documents/Project_STM32_N6570/STM32CubeN6-main/Drivers/BSP/STM32N6570-DK/stm32n6570_discovery_bus.c:1298:13:I2C2_MspDeInit	40	static
C:/Users/toantran/Documents/Project_STM32_N6570/STM32CubeN6-main/Drivers/BSP/STM32N6570-DK/stm32n6570_discovery_bus.c:1324:16:I2C2_WriteReg	40	static
C:/Users/toantran/Documents/Project_STM32_N6570/STM32CubeN6-main/Drivers/BSP/STM32N6570-DK/stm32n6570_discovery_bus.c:1343:16:I2C2_ReadReg	40	static
