../../../../../../../../Drivers/STM32N6xx_HAL_Driver/Inc/stm32n6xx_ll_bus.h:1407:22:LL_AHB4_GRP1_EnableClock	24	static
../../../../../../../../Drivers/STM32N6xx_HAL_Driver/Inc/stm32n6xx_ll_bus.h:2273:22:LL_APB1_GRP1_EnableClock	24	static
../../../../../../../../Drivers/STM32N6xx_HAL_Driver/Inc/stm32n6xx_ll_bus.h:2403:22:LL_APB1_GRP1_DisableClock	16	static
../../../../../../../../Drivers/STM32N6xx_HAL_Driver/Inc/stm32n6xx_ll_bus.h:2909:22:LL_APB2_GRP1_EnableClock	24	static
../../../../../../../../Drivers/STM32N6xx_HAL_Driver/Inc/stm32n6xx_ll_bus.h:2997:22:LL_APB2_GRP1_DisableClock	16	static
C:/Users/toantran/Documents/Project_STM32_N6570/STM32CubeN6-main/Drivers/BSP/STM32N6570-DK/stm32n6570_discovery.c:147:10:BSP_GetVersion	4	static
C:/Users/toantran/Documents/Project_STM32_N6570/STM32CubeN6-main/Drivers/BSP/STM32N6570-DK/stm32n6570_discovery.c:156:16:BSP_GetBoardName	4	static
C:/Users/toantran/Documents/Project_STM32_N6570/STM32CubeN6-main/Drivers/BSP/STM32N6570-DK/stm32n6570_discovery.c:165:16:BSP_GetBoardID	4	static
C:/Users/toantran/Documents/Project_STM32_N6570/STM32CubeN6-main/Drivers/BSP/STM32N6570-DK/stm32n6570_discovery.c:177:6:BSP_SMPS_Init	40	static
C:/Users/toantran/Documents/Project_STM32_N6570/STM32CubeN6-main/Drivers/BSP/STM32N6570-DK/stm32n6570_discovery.c:198:10:BSP_LED_Init	40	static
C:/Users/toantran/Documents/Project_STM32_N6570/STM32CubeN6-main/Drivers/BSP/STM32N6570-DK/stm32n6570_discovery.c:247:6:BSP_LED_DeInit	40	static
C:/Users/toantran/Documents/Project_STM32_N6570/STM32CubeN6-main/Drivers/BSP/STM32N6570-DK/stm32n6570_discovery.c:267:6:BSP_LED_On	16	static
C:/Users/toantran/Documents/Project_STM32_N6570/STM32CubeN6-main/Drivers/BSP/STM32N6570-DK/stm32n6570_discovery.c:288:6:BSP_LED_Off	16	static
C:/Users/toantran/Documents/Project_STM32_N6570/STM32CubeN6-main/Drivers/BSP/STM32N6570-DK/stm32n6570_discovery.c:309:6:BSP_LED_Toggle	16	static
C:/Users/toantran/Documents/Project_STM32_N6570/STM32CubeN6-main/Drivers/BSP/STM32N6570-DK/stm32n6570_discovery.c:321:10:BSP_LED_GetState	24	static
C:/Users/toantran/Documents/Project_STM32_N6570/STM32CubeN6-main/Drivers/BSP/STM32N6570-DK/stm32n6570_discovery.c:349:9:BSP_PB_Init	40	static
C:/Users/toantran/Documents/Project_STM32_N6570/STM32CubeN6-main/Drivers/BSP/STM32N6570-DK/stm32n6570_discovery.c:413:9:BSP_PB_DeInit	40	static
C:/Users/toantran/Documents/Project_STM32_N6570/STM32CubeN6-main/Drivers/BSP/STM32N6570-DK/stm32n6570_discovery.c:434:10:BSP_PB_GetState	16	static
C:/Users/toantran/Documents/Project_STM32_N6570/STM32CubeN6-main/Drivers/BSP/STM32N6570-DK/stm32n6570_discovery.c:443:6:BSP_PB_IRQHandler	16	static
C:/Users/toantran/Documents/Project_STM32_N6570/STM32CubeN6-main/Drivers/BSP/STM32N6570-DK/stm32n6570_discovery.c:452:13:BUTTON_USER1_EXTI_Callback	8	static
C:/Users/toantran/Documents/Project_STM32_N6570/STM32CubeN6-main/Drivers/BSP/STM32N6570-DK/stm32n6570_discovery.c:461:13:BUTTON_TAMP_EXTI_Callback	8	static
C:/Users/toantran/Documents/Project_STM32_N6570/STM32CubeN6-main/Drivers/BSP/STM32N6570-DK/stm32n6570_discovery.c:471:13:BSP_PB_Callback	16	static
C:/Users/toantran/Documents/Project_STM32_N6570/STM32CubeN6-main/Drivers/BSP/STM32N6570-DK/stm32n6570_discovery.c:488:9:BSP_COM_Init	24	static
C:/Users/toantran/Documents/Project_STM32_N6570/STM32CubeN6-main/Drivers/BSP/STM32N6570-DK/stm32n6570_discovery.c:546:9:BSP_COM_DeInit	24	static
C:/Users/toantran/Documents/Project_STM32_N6570/STM32CubeN6-main/Drivers/BSP/STM32N6570-DK/stm32n6570_discovery.c:654:9:BSP_COM_SelectLogPort	16	static
C:/Users/toantran/Documents/Project_STM32_N6570/STM32CubeN6-main/Drivers/BSP/STM32N6570-DK/stm32n6570_discovery.c:681:1:__io_putchar	16	static
C:/Users/toantran/Documents/Project_STM32_N6570/STM32CubeN6-main/Drivers/BSP/STM32N6570-DK/stm32n6570_discovery.c:704:26:MX_USART1_Init	16	static
C:/Users/toantran/Documents/Project_STM32_N6570/STM32CubeN6-main/Drivers/BSP/STM32N6570-DK/stm32n6570_discovery.c:726:26:MX_USART2_Init	16	static
C:/Users/toantran/Documents/Project_STM32_N6570/STM32CubeN6-main/Drivers/BSP/STM32N6570-DK/stm32n6570_discovery.c:746:13:UART_MspInit	72	static
C:/Users/toantran/Documents/Project_STM32_N6570/STM32CubeN6-main/Drivers/BSP/STM32N6570-DK/stm32n6570_discovery.c:798:13:UART_MspDeInit	48	static
