C:/Users/toantran/Documents/Project_STM32_N6570/STM32CubeN6-main/Drivers/BSP/Components/imx335/imx335.c:336:16:IMX335_WriteTable	32	static
C:/Users/toantran/Documents/Project_STM32_N6570/STM32CubeN6-main/Drivers/BSP/Components/imx335/imx335.c:361:16:IMX335_Delay	24	static
C:/Users/toantran/Documents/Project_STM32_N6570/STM32CubeN6-main/Drivers/BSP/Components/imx335/imx335.c:379:16:IMX335_ReadRegWrap	40	static
C:/Users/toantran/Documents/Project_STM32_N6570/STM32CubeN6-main/Drivers/BSP/Components/imx335/imx335.c:394:16:IMX335_WriteRegWrap	40	static
C:/Users/toantran/Documents/Project_STM32_N6570/STM32CubeN6-main/Drivers/BSP/Components/imx335/imx335.c:413:9:IMX335_RegisterBusIO	24	static
C:/Users/toantran/Documents/Project_STM32_N6570/STM32CubeN6-main/Drivers/BSP/Components/imx335/imx335.c:454:9:IMX335_Init	32	static
C:/Users/toantran/Documents/Project_STM32_N6570/STM32CubeN6-main/Drivers/BSP/Components/imx335/imx335.c:506:9:IMX335_DeInit	16	static
C:/Users/toantran/Documents/Project_STM32_N6570/STM32CubeN6-main/Drivers/BSP/Components/imx335/imx335.c:523:9:IMX335_ReadID	24	static
C:/Users/toantran/Documents/Project_STM32_N6570/STM32CubeN6-main/Drivers/BSP/Components/imx335/imx335.c:551:9:IMX335_GetCapabilities	24	static
C:/Users/toantran/Documents/Project_STM32_N6570/STM32CubeN6-main/Drivers/BSP/Components/imx335/imx335.c:589:9:IMX335_GetSensorInfo	16	static
C:/Users/toantran/Documents/Project_STM32_N6570/STM32CubeN6-main/Drivers/BSP/Components/imx335/imx335.c:623:9:IMX335_SetGain	24	static
C:/Users/toantran/Documents/Project_STM32_N6570/STM32CubeN6-main/Drivers/BSP/Components/imx335/imx335.c:668:9:IMX335_SetExposure	32	static
C:/Users/toantran/Documents/Project_STM32_N6570/STM32CubeN6-main/Drivers/BSP/Components/imx335/imx335.c:721:9:IMX335_SetFrequency	24	static
C:/Users/toantran/Documents/Project_STM32_N6570/STM32CubeN6-main/Drivers/BSP/Components/imx335/imx335.c:769:9:IMX335_SetFramerate	24	static
C:/Users/toantran/Documents/Project_STM32_N6570/STM32CubeN6-main/Drivers/BSP/Components/imx335/imx335.c:816:9:IMX335_MirrorFlipConfig	24	static
C:/Users/toantran/Documents/Project_STM32_N6570/STM32CubeN6-main/Drivers/BSP/Components/imx335/imx335.c:858:9:IMX335_SetTestPattern	24	static
