C:/Users/toantran/Documents/Project_STM32_N6570/STM32CubeN6-main/Projects/STM32N6570-DK/Applications/DCMIPP/DCMIPP_ContinuousMode/FSBL/Src/main.c:85:5:main	80	static,ignoring_inline_asm
C:/Users/toantran/Documents/Project_STM32_N6570/STM32CubeN6-main/Projects/STM32N6570-DK/Applications/DCMIPP/DCMIPP_ContinuousMode/FSBL/Src/main.c:187:6:SystemClock_Config	224	static
C:/Users/toantran/Documents/Project_STM32_N6570/STM32CubeN6-main/Projects/STM32N6570-DK/Applications/DCMIPP/DCMIPP_ContinuousMode/FSBL/Src/main.c:281:13:MX_DCMIPP_Init	72	static
C:/Users/toantran/Documents/Project_STM32_N6570/STM32CubeN6-main/Projects/STM32N6570-DK/Applications/DCMIPP/DCMIPP_ContinuousMode/FSBL/Src/main.c:355:13:LCD_Init	72	static
C:/Users/toantran/Documents/Project_STM32_N6570/STM32CubeN6-main/Projects/STM32N6570-DK/Applications/DCMIPP/DCMIPP_ContinuousMode/FSBL/Src/main.c:411:13:IMX335_Probe	48	static
C:/Users/toantran/Documents/Project_STM32_N6570/STM32CubeN6-main/Projects/STM32N6570-DK/Applications/DCMIPP/DCMIPP_ContinuousMode/FSBL/Src/main.c:460:26:GetSensorInfoHelper	16	static
C:/Users/toantran/Documents/Project_STM32_N6570/STM32CubeN6-main/Projects/STM32N6570-DK/Applications/DCMIPP/DCMIPP_ContinuousMode/FSBL/Src/main.c:470:26:SetSensorGainHelper	16	static
C:/Users/toantran/Documents/Project_STM32_N6570/STM32CubeN6-main/Projects/STM32N6570-DK/Applications/DCMIPP/DCMIPP_ContinuousMode/FSBL/Src/main.c:481:26:GetSensorGainHelper	16	static
C:/Users/toantran/Documents/Project_STM32_N6570/STM32CubeN6-main/Projects/STM32N6570-DK/Applications/DCMIPP/DCMIPP_ContinuousMode/FSBL/Src/main.c:492:26:SetSensorExposureHelper	16	static
C:/Users/toantran/Documents/Project_STM32_N6570/STM32CubeN6-main/Projects/STM32N6570-DK/Applications/DCMIPP/DCMIPP_ContinuousMode/FSBL/Src/main.c:503:26:GetSensorExposureHelper	16	static
C:/Users/toantran/Documents/Project_STM32_N6570/STM32CubeN6-main/Projects/STM32N6570-DK/Applications/DCMIPP/DCMIPP_ContinuousMode/FSBL/Src/main.c:510:6:HAL_DCMIPP_PIPE_FrameEventCallback	16	static
C:/Users/toantran/Documents/Project_STM32_N6570/STM32CubeN6-main/Projects/STM32N6570-DK/Applications/DCMIPP/DCMIPP_ContinuousMode/FSBL/Src/main.c:521:6:HAL_DCMIPP_PIPE_VsyncEventCallback	16	static
C:/Users/toantran/Documents/Project_STM32_N6570/STM32CubeN6-main/Projects/STM32N6570-DK/Applications/DCMIPP/DCMIPP_ContinuousMode/FSBL/Src/main.c:546:6:Error_Handler	8	static
C:/Users/toantran/Documents/Project_STM32_N6570/STM32CubeN6-main/Projects/STM32N6570-DK/Applications/DCMIPP/DCMIPP_ContinuousMode/FSBL/Src/main.c:566:6:assert_failed	16	static
