C:/Users/toantran/Documents/Project_STM32_N6570/STM32CubeN6-main/Projects/STM32N6570-DK/Applications/DCMIPP/DCMIPP_ContinuousMode/FSBL/Src/main.c:85:5:main	10
C:/Users/toantran/Documents/Project_STM32_N6570/STM32CubeN6-main/Projects/STM32N6570-DK/Applications/DCMIPP/DCMIPP_ContinuousMode/FSBL/Src/main.c:187:6:SystemClock_Config	8
C:/Users/toantran/Documents/Project_STM32_N6570/STM32CubeN6-main/Projects/STM32N6570-DK/Applications/DCMIPP/DCMIPP_ContinuousMode/FSBL/Src/main.c:281:13:MX_DCMIPP_Init	12
C:/Users/toantran/Documents/Project_STM32_N6570/STM32CubeN6-main/Projects/STM32N6570-DK/Applications/DCMIPP/DCMIPP_ContinuousMode/FSBL/Src/main.c:355:13:LCD_Init	3
C:/Users/toantran/Documents/Project_STM32_N6570/STM32CubeN6-main/Projects/STM32N6570-DK/Applications/DCMIPP/DCMIPP_ContinuousMode/FSBL/Src/main.c:411:13:IMX335_Probe	6
C:/Users/toantran/Documents/Project_STM32_N6570/STM32CubeN6-main/Projects/STM32N6570-DK/Applications/DCMIPP/DCMIPP_ContinuousMode/FSBL/Src/main.c:460:26:GetSensorInfoHelper	1
C:/Users/toantran/Documents/Project_STM32_N6570/STM32CubeN6-main/Projects/STM32N6570-DK/Applications/DCMIPP/DCMIPP_ContinuousMode/FSBL/Src/main.c:470:26:SetSensorGainHelper	1
C:/Users/toantran/Documents/Project_STM32_N6570/STM32CubeN6-main/Projects/STM32N6570-DK/Applications/DCMIPP/DCMIPP_ContinuousMode/FSBL/Src/main.c:481:26:GetSensorGainHelper	1
C:/Users/toantran/Documents/Project_STM32_N6570/STM32CubeN6-main/Projects/STM32N6570-DK/Applications/DCMIPP/DCMIPP_ContinuousMode/FSBL/Src/main.c:492:26:SetSensorExposureHelper	1
C:/Users/toantran/Documents/Project_STM32_N6570/STM32CubeN6-main/Projects/STM32N6570-DK/Applications/DCMIPP/DCMIPP_ContinuousMode/FSBL/Src/main.c:503:26:GetSensorExposureHelper	1
C:/Users/toantran/Documents/Project_STM32_N6570/STM32CubeN6-main/Projects/STM32N6570-DK/Applications/DCMIPP/DCMIPP_ContinuousMode/FSBL/Src/main.c:510:6:HAL_DCMIPP_PIPE_FrameEventCallback	1
C:/Users/toantran/Documents/Project_STM32_N6570/STM32CubeN6-main/Projects/STM32N6570-DK/Applications/DCMIPP/DCMIPP_ContinuousMode/FSBL/Src/main.c:521:6:HAL_DCMIPP_PIPE_VsyncEventCallback	5
C:/Users/toantran/Documents/Project_STM32_N6570/STM32CubeN6-main/Projects/STM32N6570-DK/Applications/DCMIPP/DCMIPP_ContinuousMode/FSBL/Src/main.c:546:6:Error_Handler	1
C:/Users/toantran/Documents/Project_STM32_N6570/STM32CubeN6-main/Projects/STM32N6570-DK/Applications/DCMIPP/DCMIPP_ContinuousMode/FSBL/Src/main.c:566:6:assert_failed	1
