../../../../../../../../Drivers/STM32N6xx_HAL_Driver/Inc/stm32n6xx_ll_bus.h:679:22:LL_MEM_EnableClock	24	static
../../../../../../../../Drivers/STM32N6xx_HAL_Driver/Inc/stm32n6xx_ll_bus.h:1165:22:LL_AHB3_GRP1_EnableClock	24	static
../../../../../../../../Drivers/STM32N6xx_HAL_Driver/Inc/stm32n6xx_ll_bus.h:1407:22:LL_AHB4_GRP1_EnableClock	24	static
../../../../../../../../Drivers/STM32N6xx_HAL_Driver/Inc/stm32n6xx_ll_bus.h:3639:22:LL_APB5_GRP1_EnableClock	24	static
../../../../../../../../Drivers/STM32N6xx_HAL_Driver/Inc/stm32n6xx_ll_bus.h:3683:22:LL_APB5_GRP1_DisableClock	16	static
../../../../../../../../Drivers/STM32N6xx_HAL_Driver/Inc/stm32n6xx_ll_bus.h:3703:22:LL_APB5_GRP1_ForceReset	16	static
../../../../../../../../Drivers/STM32N6xx_HAL_Driver/Inc/stm32n6xx_ll_bus.h:3723:22:LL_APB5_GRP1_ReleaseReset	16	static
C:/Users/toantran/Documents/Project_STM32_N6570/STM32CubeN6-main/Projects/STM32N6570-DK/Applications/DCMIPP/DCMIPP_ContinuousMode/FSBL/Src/stm32n6xx_hal_msp.c:63:6:HAL_MspInit	4	static
C:/Users/toantran/Documents/Project_STM32_N6570/STM32CubeN6-main/Projects/STM32N6570-DK/Applications/DCMIPP/DCMIPP_ContinuousMode/FSBL/Src/stm32n6xx_hal_msp.c:83:6:HAL_DCMIPP_MspInit	456	static
C:/Users/toantran/Documents/Project_STM32_N6570/STM32CubeN6-main/Projects/STM32N6570-DK/Applications/DCMIPP/DCMIPP_ContinuousMode/FSBL/Src/stm32n6xx_hal_msp.c:202:6:HAL_LTDC_MspInit	448	static
C:/Users/toantran/Documents/Project_STM32_N6570/STM32CubeN6-main/Projects/STM32N6570-DK/Applications/DCMIPP/DCMIPP_ContinuousMode/FSBL/Src/stm32n6xx_hal_msp.c:346:6:HAL_DCMIPP_MspDeInit	16	static
