C:/Users/toantran/Documents/Project_STM32_N6570/STM32CubeN6-main/Middlewares/ST/STM32_ISP_Library/isp/Src/isp_algo.c:172:19:ISP_Algo_BadPixel_Init	16	static
C:/Users/toantran/Documents/Project_STM32_N6570/STM32CubeN6-main/Middlewares/ST/STM32_ISP_Library/isp/Src/isp_algo.c:188:19:ISP_Algo_BadPixel_DeInit	16	static
C:/Users/toantran/Documents/Project_STM32_N6570/STM32CubeN6-main/Middlewares/ST/STM32_ISP_Library/isp/Src/isp_algo.c:203:19:ISP_Algo_BadPixel_Process	40	static
C:/Users/toantran/Documents/Project_STM32_N6570/STM32CubeN6-main/Middlewares/ST/STM32_ISP_Library/isp/Src/isp_algo.c:273:13:log_cb	16	static
C:/Users/toantran/Documents/Project_STM32_N6570/STM32CubeN6-main/Middlewares/ST/STM32_ISP_Library/isp/Src/isp_algo.c:288:19:ISP_Algo_AEC_Init	40	static
C:/Users/toantran/Documents/Project_STM32_N6570/STM32CubeN6-main/Middlewares/ST/STM32_ISP_Library/isp/Src/isp_algo.c:366:19:ISP_Algo_AEC_DeInit	16	static
C:/Users/toantran/Documents/Project_STM32_N6570/STM32CubeN6-main/Middlewares/ST/STM32_ISP_Library/isp/Src/isp_algo.c:384:19:ISP_Algo_AEC_StatCb	16	static
C:/Users/toantran/Documents/Project_STM32_N6570/STM32CubeN6-main/Middlewares/ST/STM32_ISP_Library/isp/Src/isp_algo.c:400:19:ISP_Algo_AEC_Process	64	static
C:/Users/toantran/Documents/Project_STM32_N6570/STM32CubeN6-main/Middlewares/ST/STM32_ISP_Library/isp/Src/isp_algo.c:537:8:ISP_Algo_ApplyGammaInverse	24	static
C:/Users/toantran/Documents/Project_STM32_N6570/STM32CubeN6-main/Middlewares/ST/STM32_ISP_Library/isp/Src/isp_algo.c:558:6:ISP_Algo_GetUpStat	136	static
C:/Users/toantran/Documents/Project_STM32_N6570/STM32CubeN6-main/Middlewares/ST/STM32_ISP_Library/isp/Src/isp_algo.c:604:6:ISP_Algo_ApplyCConv	352	static
C:/Users/toantran/Documents/Project_STM32_N6570/STM32CubeN6-main/Middlewares/ST/STM32_ISP_Library/isp/Src/isp_algo.c:644:19:ISP_Algo_AWB_Init	24	static
C:/Users/toantran/Documents/Project_STM32_N6570/STM32CubeN6-main/Middlewares/ST/STM32_ISP_Library/isp/Src/isp_algo.c:670:19:ISP_Algo_AWB_DeInit	16	static
C:/Users/toantran/Documents/Project_STM32_N6570/STM32CubeN6-main/Middlewares/ST/STM32_ISP_Library/isp/Src/isp_algo.c:689:19:ISP_Algo_AWB_StatCb	16	static
C:/Users/toantran/Documents/Project_STM32_N6570/STM32CubeN6-main/Middlewares/ST/STM32_ISP_Library/isp/Src/isp_algo.c:708:19:ISP_Algo_AWB_Process	232	static
C:/Users/toantran/Documents/Project_STM32_N6570/STM32CubeN6-main/Middlewares/ST/STM32_ISP_Library/isp/Src/isp_algo.c:1253:19:ISP_Algo_Init	32	static
C:/Users/toantran/Documents/Project_STM32_N6570/STM32CubeN6-main/Middlewares/ST/STM32_ISP_Library/isp/Src/isp_algo.c:1283:19:ISP_Algo_DeInit	32	static
C:/Users/toantran/Documents/Project_STM32_N6570/STM32CubeN6-main/Middlewares/ST/STM32_ISP_Library/isp/Src/isp_algo.c:1311:19:ISP_Algo_Process	32	static
