C:/Users/toantran/Documents/Project_STM32_N6570/STM32CubeN6-main/Middlewares/ST/STM32_ISP_Library/isp/Src/isp_services.c:150:13:To_Shift_Multiplier	40	static
C:/Users/toantran/Documents/Project_STM32_N6570/STM32CubeN6-main/Middlewares/ST/STM32_ISP_Library/isp/Src/isp_services.c:167:17:From_Shift_Multiplier	48	static
C:/Users/toantran/Documents/Project_STM32_N6570/STM32CubeN6-main/Middlewares/ST/STM32_ISP_Library/isp/Src/isp_services.c:175:16:To_CConv_Reg	24	static
C:/Users/toantran/Documents/Project_STM32_N6570/STM32CubeN6-main/Middlewares/ST/STM32_ISP_Library/isp/Src/isp_services.c:185:16:From_CConv_Reg	32	static
C:/Users/toantran/Documents/Project_STM32_N6570/STM32CubeN6-main/Middlewares/ST/STM32_ISP_Library/isp/Src/isp_services.c:195:16:GetAvgStats	32	static
C:/Users/toantran/Documents/Project_STM32_N6570/STM32CubeN6-main/Middlewares/ST/STM32_ISP_Library/isp/Src/isp_services.c:227:13:ReadStatHistogram	24	static
C:/Users/toantran/Documents/Project_STM32_N6570/STM32CubeN6-main/Middlewares/ST/STM32_ISP_Library/isp/Src/isp_services.c:235:13:SetStatConfig	24	static
C:/Users/toantran/Documents/Project_STM32_N6570/STM32CubeN6-main/Middlewares/ST/STM32_ISP_Library/isp/Src/isp_services.c:243:32:GetNextStatStage	24	static
C:/Users/toantran/Documents/Project_STM32_N6570/STM32CubeN6-main/Middlewares/ST/STM32_ISP_Library/isp/Src/isp_services.c:364:32:GetStatCycleStart	24	static
C:/Users/toantran/Documents/Project_STM32_N6570/STM32CubeN6-main/Middlewares/ST/STM32_ISP_Library/isp/Src/isp_services.c:399:32:GetStatCycleEnd	24	static
C:/Users/toantran/Documents/Project_STM32_N6570/STM32CubeN6-main/Middlewares/ST/STM32_ISP_Library/isp/Src/isp_services.c:434:9:LuminanceFromRGB	16	static
C:/Users/toantran/Documents/Project_STM32_N6570/STM32CubeN6-main/Middlewares/ST/STM32_ISP_Library/isp/Src/isp_services.c:440:9:LuminanceFromRGBMono	24	static
C:/Users/toantran/Documents/Project_STM32_N6570/STM32CubeN6-main/Middlewares/ST/STM32_ISP_Library/isp/Src/isp_services.c:456:19:ISP_SVC_ISP_SetDemosaicing	40	static
C:/Users/toantran/Documents/Project_STM32_N6570/STM32CubeN6-main/Middlewares/ST/STM32_ISP_Library/isp/Src/isp_services.c:521:19:ISP_SVC_ISP_SetStatRemoval	24	static
C:/Users/toantran/Documents/Project_STM32_N6570/STM32CubeN6-main/Middlewares/ST/STM32_ISP_Library/isp/Src/isp_services.c:560:19:ISP_SVC_ISP_SetDecimation	32	static
C:/Users/toantran/Documents/Project_STM32_N6570/STM32CubeN6-main/Middlewares/ST/STM32_ISP_Library/isp/Src/isp_services.c:620:19:ISP_SVC_ISP_GetDecimation	16	static
C:/Users/toantran/Documents/Project_STM32_N6570/STM32CubeN6-main/Middlewares/ST/STM32_ISP_Library/isp/Src/isp_services.c:635:19:ISP_SVC_ISP_SetContrast	32	static
C:/Users/toantran/Documents/Project_STM32_N6570/STM32CubeN6-main/Middlewares/ST/STM32_ISP_Library/isp/Src/isp_services.c:689:19:ISP_SVC_ISP_SetStatArea	48	static
C:/Users/toantran/Documents/Project_STM32_N6570/STM32CubeN6-main/Middlewares/ST/STM32_ISP_Library/isp/Src/isp_services.c:742:19:ISP_SVC_ISP_GetStatArea	32	static
C:/Users/toantran/Documents/Project_STM32_N6570/STM32CubeN6-main/Middlewares/ST/STM32_ISP_Library/isp/Src/isp_services.c:781:19:ISP_SVC_ISP_SetBadPixel	24	static
C:/Users/toantran/Documents/Project_STM32_N6570/STM32CubeN6-main/Middlewares/ST/STM32_ISP_Library/isp/Src/isp_services.c:821:19:ISP_SVC_ISP_GetBadPixel	24	static
C:/Users/toantran/Documents/Project_STM32_N6570/STM32CubeN6-main/Middlewares/ST/STM32_ISP_Library/isp/Src/isp_services.c:851:19:ISP_SVC_ISP_SetBlackLevel	24	static
C:/Users/toantran/Documents/Project_STM32_N6570/STM32CubeN6-main/Middlewares/ST/STM32_ISP_Library/isp/Src/isp_services.c:894:19:ISP_SVC_ISP_GetBlackLevel	24	static
C:/Users/toantran/Documents/Project_STM32_N6570/STM32CubeN6-main/Middlewares/ST/STM32_ISP_Library/isp/Src/isp_services.c:922:19:ISP_SVC_ISP_SetGain	24	static
C:/Users/toantran/Documents/Project_STM32_N6570/STM32CubeN6-main/Middlewares/ST/STM32_ISP_Library/isp/Src/isp_services.c:965:19:ISP_SVC_ISP_GetGain	24	static
C:/Users/toantran/Documents/Project_STM32_N6570/STM32CubeN6-main/Middlewares/ST/STM32_ISP_Library/isp/Src/isp_services.c:992:19:ISP_SVC_ISP_SetColorConv	56	static
C:/Users/toantran/Documents/Project_STM32_N6570/STM32CubeN6-main/Middlewares/ST/STM32_ISP_Library/isp/Src/isp_services.c:1055:19:ISP_SVC_ISP_GetColorConv	48	static
C:/Users/toantran/Documents/Project_STM32_N6570/STM32CubeN6-main/Middlewares/ST/STM32_ISP_Library/isp/Src/isp_services.c:1089:19:ISP_SVC_Sensor_GetInfo	16	static
C:/Users/toantran/Documents/Project_STM32_N6570/STM32CubeN6-main/Middlewares/ST/STM32_ISP_Library/isp/Src/isp_services.c:1115:19:ISP_SVC_Sensor_SetGain	16	static
C:/Users/toantran/Documents/Project_STM32_N6570/STM32CubeN6-main/Middlewares/ST/STM32_ISP_Library/isp/Src/isp_services.c:1143:19:ISP_SVC_Sensor_GetGain	16	static
C:/Users/toantran/Documents/Project_STM32_N6570/STM32CubeN6-main/Middlewares/ST/STM32_ISP_Library/isp/Src/isp_services.c:1169:19:ISP_SVC_Sensor_SetExposure	16	static
C:/Users/toantran/Documents/Project_STM32_N6570/STM32CubeN6-main/Middlewares/ST/STM32_ISP_Library/isp/Src/isp_services.c:1197:19:ISP_SVC_Sensor_GetExposure	16	static
C:/Users/toantran/Documents/Project_STM32_N6570/STM32CubeN6-main/Middlewares/ST/STM32_ISP_Library/isp/Src/isp_services.c:1223:19:ISP_SVC_Sensor_SetTestPattern	16	static
C:/Users/toantran/Documents/Project_STM32_N6570/STM32CubeN6-main/Middlewares/ST/STM32_ISP_Library/isp/Src/isp_services.c:1252:19:ISP_SVC_Misc_GetDCMIPPVersion	32	static
C:/Users/toantran/Documents/Project_STM32_N6570/STM32CubeN6-main/Middlewares/ST/STM32_ISP_Library/isp/Src/isp_services.c:1273:19:ISP_SVC_Misc_IsDCMIPPReady	16	static
C:/Users/toantran/Documents/Project_STM32_N6570/STM32CubeN6-main/Middlewares/ST/STM32_ISP_Library/isp/Src/isp_services.c:1295:19:ISP_SVC_Misc_GetFirmwareConfig	24	static
C:/Users/toantran/Documents/Project_STM32_N6570/STM32CubeN6-main/Middlewares/ST/STM32_ISP_Library/isp/Src/isp_services.c:1336:6:ISP_SVC_Misc_IncMainFrameId	16	static
C:/Users/toantran/Documents/Project_STM32_N6570/STM32CubeN6-main/Middlewares/ST/STM32_ISP_Library/isp/Src/isp_services.c:1347:10:ISP_SVC_Misc_GetMainFrameId	16	static
C:/Users/toantran/Documents/Project_STM32_N6570/STM32CubeN6-main/Middlewares/ST/STM32_ISP_Library/isp/Src/isp_services.c:1358:6:ISP_SVC_Misc_IncAncillaryFrameId	16	static
C:/Users/toantran/Documents/Project_STM32_N6570/STM32CubeN6-main/Middlewares/ST/STM32_ISP_Library/isp/Src/isp_services.c:1369:10:ISP_SVC_Misc_GetAncillaryFrameId	16	static
C:/Users/toantran/Documents/Project_STM32_N6570/STM32CubeN6-main/Middlewares/ST/STM32_ISP_Library/isp/Src/isp_services.c:1380:6:ISP_SVC_Misc_IncDumpFrameId	16	static
C:/Users/toantran/Documents/Project_STM32_N6570/STM32CubeN6-main/Middlewares/ST/STM32_ISP_Library/isp/Src/isp_services.c:1391:10:ISP_SVC_Misc_GetDumpFrameId	16	static
C:/Users/toantran/Documents/Project_STM32_N6570/STM32CubeN6-main/Middlewares/ST/STM32_ISP_Library/isp/Src/isp_services.c:1403:19:ISP_SVC_Misc_SetWBRefMode	16	static
C:/Users/toantran/Documents/Project_STM32_N6570/STM32CubeN6-main/Middlewares/ST/STM32_ISP_Library/isp/Src/isp_services.c:1419:19:ISP_SVC_Misc_GetWBRefMode	16	static
C:/Users/toantran/Documents/Project_STM32_N6570/STM32CubeN6-main/Middlewares/ST/STM32_ISP_Library/isp/Src/isp_services.c:1434:6:ISP_SVC_Misc_SensorDelayMeasureStart	4	static
C:/Users/toantran/Documents/Project_STM32_N6570/STM32CubeN6-main/Middlewares/ST/STM32_ISP_Library/isp/Src/isp_services.c:1445:6:ISP_SVC_Misc_SensorDelayMeasureStop	4	static
C:/Users/toantran/Documents/Project_STM32_N6570/STM32CubeN6-main/Middlewares/ST/STM32_ISP_Library/isp/Src/isp_services.c:1456:6:ISP_SVC_Misc_SensorDelayMeasureIsRunning	4	static
C:/Users/toantran/Documents/Project_STM32_N6570/STM32CubeN6-main/Middlewares/ST/STM32_ISP_Library/isp/Src/isp_services.c:1468:19:ISP_SVC_Misc_SendSensorDelayMeasure	16	static
C:/Users/toantran/Documents/Project_STM32_N6570/STM32CubeN6-main/Middlewares/ST/STM32_ISP_Library/isp/Src/isp_services.c:1483:19:ISP_SVC_Misc_StopPreview	16	static
C:/Users/toantran/Documents/Project_STM32_N6570/STM32CubeN6-main/Middlewares/ST/STM32_ISP_Library/isp/Src/isp_services.c:1505:19:ISP_SVC_Misc_StartPreview	16	static
C:/Users/toantran/Documents/Project_STM32_N6570/STM32CubeN6-main/Middlewares/ST/STM32_ISP_Library/isp/Src/isp_services.c:1528:6:ISP_SVC_Misc_IsGammaEnabled	24	static
C:/Users/toantran/Documents/Project_STM32_N6570/STM32CubeN6-main/Middlewares/ST/STM32_ISP_Library/isp/Src/isp_services.c:1560:19:ISP_SVC_ISP_SetGamma	16	static
C:/Users/toantran/Documents/Project_STM32_N6570/STM32CubeN6-main/Middlewares/ST/STM32_ISP_Library/isp/Src/isp_services.c:1602:19:ISP_SVC_Dump_GetFrame	48	static
C:/Users/toantran/Documents/Project_STM32_N6570/STM32CubeN6-main/Middlewares/ST/STM32_ISP_Library/isp/Src/isp_services.c:1641:19:ISP_SVC_IQParam_Init	16	static
C:/Users/toantran/Documents/Project_STM32_N6570/STM32CubeN6-main/Middlewares/ST/STM32_ISP_Library/isp/Src/isp_services.c:1655:21:ISP_SVC_IQParam_Get	16	static
C:/Users/toantran/Documents/Project_STM32_N6570/STM32CubeN6-main/Middlewares/ST/STM32_ISP_Library/isp/Src/isp_services.c:1668:6:ISP_SVC_Stats_Init	16	static
C:/Users/toantran/Documents/Project_STM32_N6570/STM32CubeN6-main/Middlewares/ST/STM32_ISP_Library/isp/Src/isp_services.c:1680:6:ISP_SVC_Stats_Gather	88	static
C:/Users/toantran/Documents/Project_STM32_N6570/STM32CubeN6-main/Middlewares/ST/STM32_ISP_Library/isp/Src/isp_services.c:1909:19:ISP_SVC_Stats_ProcessCallbacks	40	static
C:/Users/toantran/Documents/Project_STM32_N6570/STM32CubeN6-main/Middlewares/ST/STM32_ISP_Library/isp/Src/isp_services.c:1955:19:ISP_SVC_Stats_GetLatest	16	static
C:/Users/toantran/Documents/Project_STM32_N6570/STM32CubeN6-main/Middlewares/ST/STM32_ISP_Library/isp/Src/isp_services.c:1981:19:ISP_SVC_Stats_GetNext	32	static
