C:/Users/toantran/Documents/Project_STM32_N6570/STM32CubeN6-main/Middlewares/ST/STM32_ISP_Library/isp/Src/isp_core.c:52:19:ISP_Init	40	static
C:/Users/toantran/Documents/Project_STM32_N6570/STM32CubeN6-main/Middlewares/ST/STM32_ISP_Library/isp/Src/isp_core.c:168:19:ISP_DeInit	24	static
C:/Users/toantran/Documents/Project_STM32_N6570/STM32CubeN6-main/Middlewares/ST/STM32_ISP_Library/isp/Src/isp_core.c:196:19:ISP_Start	24	static
C:/Users/toantran/Documents/Project_STM32_N6570/STM32CubeN6-main/Middlewares/ST/STM32_ISP_Library/isp/Src/isp_core.c:318:19:ISP_BackgroundProcess	24	static
C:/Users/toantran/Documents/Project_STM32_N6570/STM32CubeN6-main/Middlewares/ST/STM32_ISP_Library/isp/Src/isp_core.c:369:19:ISP_SetExposureTarget	24	static
C:/Users/toantran/Documents/Project_STM32_N6570/STM32CubeN6-main/Middlewares/ST/STM32_ISP_Library/isp/Src/isp_core.c:387:19:ISP_GetExposureTarget	32	static
C:/Users/toantran/Documents/Project_STM32_N6570/STM32CubeN6-main/Middlewares/ST/STM32_ISP_Library/isp/Src/isp_core.c:405:19:ISP_SetAECState	24	static
C:/Users/toantran/Documents/Project_STM32_N6570/STM32CubeN6-main/Middlewares/ST/STM32_ISP_Library/isp/Src/isp_core.c:422:19:ISP_GetAECState	24	static
C:/Users/toantran/Documents/Project_STM32_N6570/STM32CubeN6-main/Middlewares/ST/STM32_ISP_Library/isp/Src/isp_core.c:439:19:ISP_ListWBRefModes	24	static
C:/Users/toantran/Documents/Project_STM32_N6570/STM32CubeN6-main/Middlewares/ST/STM32_ISP_Library/isp/Src/isp_core.c:459:19:ISP_SetWBRefMode	96	static
C:/Users/toantran/Documents/Project_STM32_N6570/STM32CubeN6-main/Middlewares/ST/STM32_ISP_Library/isp/Src/isp_core.c:532:19:ISP_GetWBRefMode	32	static
C:/Users/toantran/Documents/Project_STM32_N6570/STM32CubeN6-main/Middlewares/ST/STM32_ISP_Library/isp/Src/isp_core.c:553:19:ISP_GetDecimationFactor	16	static
C:/Users/toantran/Documents/Project_STM32_N6570/STM32CubeN6-main/Middlewares/ST/STM32_ISP_Library/isp/Src/isp_core.c:565:19:ISP_SetStatArea	16	static
C:/Users/toantran/Documents/Project_STM32_N6570/STM32CubeN6-main/Middlewares/ST/STM32_ISP_Library/isp/Src/isp_core.c:577:19:ISP_GetStatArea	16	static
C:/Users/toantran/Documents/Project_STM32_N6570/STM32CubeN6-main/Middlewares/ST/STM32_ISP_Library/isp/Src/isp_core.c:588:6:ISP_GatherStatistics	16	static
C:/Users/toantran/Documents/Project_STM32_N6570/STM32CubeN6-main/Middlewares/ST/STM32_ISP_Library/isp/Src/isp_core.c:599:6:ISP_IncMainFrameId	16	static
C:/Users/toantran/Documents/Project_STM32_N6570/STM32CubeN6-main/Middlewares/ST/STM32_ISP_Library/isp/Src/isp_core.c:610:10:ISP_GetMainFrameId	16	static
C:/Users/toantran/Documents/Project_STM32_N6570/STM32CubeN6-main/Middlewares/ST/STM32_ISP_Library/isp/Src/isp_core.c:621:6:ISP_IncAncillaryFrameId	16	static
C:/Users/toantran/Documents/Project_STM32_N6570/STM32CubeN6-main/Middlewares/ST/STM32_ISP_Library/isp/Src/isp_core.c:632:10:ISP_GetAncillaryFrameId	16	static
C:/Users/toantran/Documents/Project_STM32_N6570/STM32CubeN6-main/Middlewares/ST/STM32_ISP_Library/isp/Src/isp_core.c:643:6:ISP_IncDumpFrameId	16	static
C:/Users/toantran/Documents/Project_STM32_N6570/STM32CubeN6-main/Middlewares/ST/STM32_ISP_Library/isp/Src/isp_core.c:654:10:ISP_GetDumpFrameId	16	static
C:/Users/toantran/Documents/Project_STM32_N6570/STM32CubeN6-main/Middlewares/ST/STM32_ISP_Library/isp/Src/isp_core.c:665:6:ISP_OutputMeta	40	static
